// Jest Snapshot v1, https://goo.gl/fbAQLP

exports[`Text renders default Text correctly 1`] = `
<span
  className=

      {
        -moz-osx-font-smoothing: grayscale;
        -webkit-font-smoothing: antialiased;
        color: inherit;
        display: inline;
        font-family: 'Segoe UI', 'Segoe UI Web (West European)', 'Segoe UI', -apple-system, BlinkMacSystemFont, 'Roboto', 'Helvetica Neue', sans-serif;
        font-size: 14px;
        font-weight: 400;
        moz-osx-font-smoothing: grayscale;
        webkit-font-smoothing: antialiased;
      }
>
  I'm default text
</span>
`;
